RECT qk gram (32, 64, 64, 4, 3) 7.582 6.774 1.119
RECT qk gram (32, 64, 128, 4, 3) 7.58 6.504 1.165
RECT qk gram (64, 32, 64, 4, 3) 7.581 5.002 1.516
RECT qk gram (64, 32, 128, 4, 3) 7.328 4.912 1.492
RECT qk gram (64, 128, 64, 4, 3) 7.333 5.042 1.454
RECT qk gram (64, 128, 128, 4, 3) 7.33 5.106 1.435
RECT qk gram (128, 64, 64, 4, 3) 7.296 5.149 1.417
RECT qk gram (128, 64, 128, 4, 3) 7.295 5.639 1.294
RECT qk gram (128, 256, 64, 4, 3) 7.292 55.215 0.132
RECT-ERR qk gram (128, 256, 128, 4, 3) out of resource: shared memory, Required: 294912, Hardware limit: 232448. Reducing block sizes or `num_stages` may help.
RECT qk gram (256, 128, 64, 4, 3) 7.293 45.277 0.161
RECT-ERR qk gram (256, 128, 128, 4, 3) out of resource: shared memory, Required: 294912, Hardware limit: 232448. Reducing block sizes or `num_stages` may help.
RECT qk poly (32, 64, 64, 4, 3) 5.882 4.076 1.443
RECT qk poly (32, 64, 128, 4, 3) 5.883 4.231 1.39
RECT qk poly (64, 32, 64, 4, 3) 5.884 3.621 1.625
RECT qk poly (64, 32, 128, 4, 3) 5.885 3.921 1.501
RECT qk poly (64, 128, 64, 4, 3) 5.881 4.234 1.389
RECT qk poly (64, 128, 128, 4, 3) 5.884 4.466 1.317
RECT qk poly (128, 64, 64, 4, 3) 5.887 4.177 1.409
RECT qk poly (128, 64, 128, 4, 3) 5.882 4.661 1.262
RECT qk poly (128, 256, 64, 4, 3) 5.883 29.892 0.197
RECT-ERR qk poly (128, 256, 128, 4, 3) out of resource: shared memory, Required: 294912, Hardware limit: 232448. Reducing block sizes or `num_stages` may help.
RECT qk poly (256, 128, 64, 4, 3) 5.884 23.846 0.247
RECT-ERR qk poly (256, 128, 128, 4, 3) out of resource: shared memory, Required: 294912, Hardware limit: 232448. Reducing block sizes or `num_stages` may help.
RECT vo gram (32, 64, 64, 4, 3) 7.429 12.064 0.616
RECT vo gram (32, 64, 128, 4, 3) 7.403 10.32 0.717
RECT vo gram (64, 32, 64, 4, 3) 7.488 8.091 0.925
RECT vo gram (64, 32, 128, 4, 3) 7.424 6.96 1.067
RECT vo gram (64, 128, 64, 4, 3) 7.399 7.642 0.968
RECT vo gram (64, 128, 128, 4, 3) 7.4 5.72 1.294
RECT vo gram (128, 64, 64, 4, 3) 7.486 7.369 1.016
RECT vo gram (128, 64, 128, 4, 3) 7.496 6.116 1.226
RECT vo gram (128, 256, 64, 4, 3) 7.492 56.33 0.133
RECT-ERR vo gram (128, 256, 128, 4, 3) out of resource: shared memory, Required: 294912, Hardware limit: 232448. Reducing block sizes or `num_stages` may help.
RECT vo gram (256, 128, 64, 4, 3) 7.401 46.018 0.161
RECT-ERR vo gram (256, 128, 128, 4, 3) out of resource: shared memory, Required: 294912, Hardware limit: 232448. Reducing block sizes or `num_stages` may help.
RECT vo poly (32, 64, 64, 4, 3) 8.262 12.345 0.669
RECT vo poly (32, 64, 128, 4, 3) 8.392 10.736 0.782
RECT vo poly (64, 32, 64, 4, 3) 8.389 8.751 0.959
RECT vo poly (64, 32, 128, 4, 3) 8.221 7.38 1.114
RECT vo poly (64, 128, 64, 4, 3) 8.579 8.192 1.047
RECT vo poly (64, 128, 128, 4, 3) 8.391 6.334 1.325
RECT vo poly (128, 64, 64, 4, 3) 8.39 8.019 1.046
RECT vo poly (128, 64, 128, 4, 3) 8.262 6.701 1.233
RECT vo poly (128, 256, 64, 4, 3) 8.386 62.951 0.133
RECT-ERR vo poly (128, 256, 128, 4, 3) out of resource: shared memory, Required: 294912, Hardware limit: 232448. Reducing block sizes or `num_stages` may help.
RECT vo poly (256, 128, 64, 4, 3) 8.391 48.272 0.174
RECT-ERR vo poly (256, 128, 128, 4, 3) out of resource: shared memory, Required: 294912, Hardware limit: 232448. Reducing block sizes or `num_stages` may help.
RECT mlp gram (32, 64, 64, 4, 3) 16.467 49.135 0.335
RECT mlp gram (32, 64, 128, 4, 3) 16.477 38.582 0.427
RECT mlp gram (64, 32, 64, 4, 3) 16.569 37.337 0.444
RECT mlp gram (64, 32, 128, 4, 3) 16.596 33.58 0.494
RECT mlp gram (64, 128, 64, 4, 3) 16.469 20.59 0.8
RECT mlp gram (64, 128, 128, 4, 3) 16.597 14.741 1.126
RECT mlp gram (128, 64, 64, 4, 3) 16.577 20.9 0.793
RECT mlp gram (128, 64, 128, 4, 3) 16.333 16.153 1.011
RECT mlp gram (128, 256, 64, 4, 3) 16.47 188.596 0.087
RECT-ERR mlp gram (128, 256, 128, 4, 3) out of resource: shared memory, Required: 294912, Hardware limit: 232448. Reducing block sizes or `num_stages` may help.
RECT mlp gram (256, 128, 64, 4, 3) 16.237 134.053 0.121
RECT-ERR mlp gram (256, 128, 128, 4, 3) out of resource: shared memory, Required: 294912, Hardware limit: 232448. Reducing block sizes or `num_stages` may help.
RECT mlp poly (32, 64, 64, 4, 3) 8.651 14.643 0.591
RECT mlp poly (32, 64, 128, 4, 3) 8.652 11.428 0.757
RECT mlp poly (64, 32, 64, 4, 3) 8.651 10.792 0.802
RECT mlp poly (64, 32, 128, 4, 3) 8.501 11.575 0.734
RECT mlp poly (64, 128, 64, 4, 3) 8.65 8.557 1.011
RECT mlp poly (64, 128, 128, 4, 3) 8.587 7.259 1.183
RECT mlp poly (128, 64, 64, 4, 3) 8.65 9.227 0.937
RECT mlp poly (128, 64, 128, 4, 3) 8.501 7.998 1.063
RECT mlp poly (128, 256, 64, 4, 3) 8.761 63.193 0.139
RECT-ERR mlp poly (128, 256, 128, 4, 3) out of resource: shared memory, Required: 294912, Hardware limit: 232448. Reducing block sizes or `num_stages` may help.
RECT mlp poly (256, 128, 64, 4, 3) 8.921 48.379 0.184
RECT-ERR mlp poly (256, 128, 128, 4, 3) out of resource: shared memory, Required: 294912, Hardware limit: 232448. Reducing block sizes or `num_stages` may help.
